[2026-01-12T12:00:16.686Z] Starting implementation
Task: Initialize React Vite boilerplate with TypeScript. Include: vite.config.ts, package.json with React 18 and Vite 5, tsconfig.json, index.html, src/App.tsx, src/main.tsx, src/App.css, and src/index.css. Set up ESLint config. Add a simple counter component in App.tsx with Vite logo.
---

Creating file: `vite.config.ts
✅ Created: `vite.config.ts

Creating file: `tsconfig.json
✅ Created: `tsconfig.json

Creating file: `index.html
✅ Created: `index.html

Creating file: `src/App.tsx
✅ Created: `src/App.tsx

Creating file: `src/main.tsx
✅ Created: `src/main.tsx

Creating file: `src/App.css
✅ Created: `src/App.css

Creating file: `src/index.css
✅ Created: `src/index.css

Creating file: `.eslintrc.js
✅ Created: `.eslintrc.js

Modifying file: `package.json
File `package.json not found, will create instead
✅ Modified: `package.json